AR programcounter behavioral "C:/Users/utp.CRIE/Downloads/PortableGit/Arquitectura-SparkV8/Procesador 6/ProgramCounter.vhd" sub00/vhpl19 1478297272
AR seu30 behavioral "C:/Users/utp.CRIE/Downloads/PortableGit/Arquitectura-SparkV8/Procesador 6/SEU30.vhd" sub00/vhpl27 1478297284
AR muxalu behavioral "C:/Users/utp.CRIE/Downloads/PortableGit/Arquitectura-SparkV8/Procesador 6/MuxAlu.vhd" sub00/vhpl01 1478297290
AR instructionmemory arqinstructionmemory "C:/Users/utp.CRIE/Downloads/PortableGit/Arquitectura-SparkV8/Procesador 6/InstructionMemory.vhd" sub00/vhpl23 1478297276
EN psr NULL "C:/Users/utp.CRIE/Downloads/PortableGit/Arquitectura-SparkV8/Procesador 6/PSR.vhd" sub00/vhpl08 1478297261
EN win_man NULL "C:/Users/utp.CRIE/Downloads/PortableGit/Arquitectura-SparkV8/Procesador 6/Win_man.vhd" sub00/vhpl06 1478297259
EN multiplexor NULL "C:/Users/utp.CRIE/Downloads/PortableGit/Arquitectura-SparkV8/Procesador 6/Multiplexor.vhd" sub00/vhpl16 1478297269
AR multiplexor behavioral "C:/Users/utp.CRIE/Downloads/PortableGit/Arquitectura-SparkV8/Procesador 6/Multiplexor.vhd" sub00/vhpl17 1478297270
AR sumador behavioral "C:/Users/utp.CRIE/Downloads/PortableGit/Arquitectura-SparkV8/Procesador 6/Sumador.vhd" sub00/vhpl21 1478297274
AR datamemory behavioral "C:/Users/utp.CRIE/Downloads/PortableGit/Arquitectura-SparkV8/Procesador 6/DataMemory.vhd" sub00/vhpl33 1478297292
EN psrmodifier NULL "C:/Users/utp.CRIE/Downloads/PortableGit/Arquitectura-SparkV8/Procesador 6/PSRModifier.vhd" sub00/vhpl10 1478297263
AR muxrfsource behavioral "C:/Users/utp.CRIE/Downloads/PortableGit/Arquitectura-SparkV8/Procesador 6/MuxRF.vhd" sub00/vhpl29 1478297286
AR psrmodifier behavioral "C:/Users/utp.CRIE/Downloads/PortableGit/Arquitectura-SparkV8/Procesador 6/PSRModifier.vhd" sub00/vhpl11 1478297264
AR extsign behavioral "C:/Users/utp.CRIE/Downloads/PortableGit/Arquitectura-SparkV8/Procesador 6/ExtSign.vhd" sub00/vhpl15 1478297268
EN muxalu NULL "C:/Users/utp.CRIE/Downloads/PortableGit/Arquitectura-SparkV8/Procesador 6/MuxAlu.vhd" sub00/vhpl00 1478297289
EN rf NULL "C:/Users/utp.CRIE/Downloads/PortableGit/Arquitectura-SparkV8/Procesador 6/RF.vhd" sub00/vhpl04 1478297277
EN seu22 NULL "C:/Users/utp.CRIE/Downloads/PortableGit/Arquitectura-SparkV8/Procesador 6/SEU13.vhd" sub00/vhpl24 1478297281
AR uc behavioral "C:/Users/utp.CRIE/Downloads/PortableGit/Arquitectura-SparkV8/Procesador 6/UC.vhd" sub00/vhpl03 1478297280
EN uc NULL "C:/Users/utp.CRIE/Downloads/PortableGit/Arquitectura-SparkV8/Procesador 6/UC.vhd" sub00/vhpl02 1478297279
EN seu30 NULL "C:/Users/utp.CRIE/Downloads/PortableGit/Arquitectura-SparkV8/Procesador 6/SEU30.vhd" sub00/vhpl26 1478297283
AR psr behavioral "C:/Users/utp.CRIE/Downloads/PortableGit/Arquitectura-SparkV8/Procesador 6/PSR.vhd" sub00/vhpl09 1478297262
EN procesador6 NULL "C:/Users/utp.CRIE/Downloads/PortableGit/Arquitectura-SparkV8/Procesador 6/Procesador2.vhd" sub00/vhpl34 1478297293
AR seu22 behavioral "C:/Users/utp.CRIE/Downloads/PortableGit/Arquitectura-SparkV8/Procesador 6/SEU13.vhd" sub00/vhpl25 1478297282
EN programcounter NULL "C:/Users/utp.CRIE/Downloads/PortableGit/Arquitectura-SparkV8/Procesador 6/ProgramCounter.vhd" sub00/vhpl18 1478297271
AR win_man behavioral "C:/Users/utp.CRIE/Downloads/PortableGit/Arquitectura-SparkV8/Procesador 6/Win_man.vhd" sub00/vhpl07 1478297260
EN instructionmemory NULL "C:/Users/utp.CRIE/Downloads/PortableGit/Arquitectura-SparkV8/Procesador 6/InstructionMemory.vhd" sub00/vhpl22 1478297275
EN muxpc NULL "C:/Users/utp.CRIE/Downloads/PortableGit/Arquitectura-SparkV8/Procesador 6/MuxPC.vhd" sub00/vhpl30 1478297287
AR alu behavioral "C:/Users/utp.CRIE/Downloads/PortableGit/Arquitectura-SparkV8/Procesador 6/ALU.vhd" sub00/vhpl13 1478297266
EN extsign NULL "C:/Users/utp.CRIE/Downloads/PortableGit/Arquitectura-SparkV8/Procesador 6/ExtSign.vhd" sub00/vhpl14 1478297267
EN datamemory NULL "C:/Users/utp.CRIE/Downloads/PortableGit/Arquitectura-SparkV8/Procesador 6/DataMemory.vhd" sub00/vhpl32 1478297291
EN muxrfsource NULL "C:/Users/utp.CRIE/Downloads/PortableGit/Arquitectura-SparkV8/Procesador 6/MuxRF.vhd" sub00/vhpl28 1478297285
EN sumador NULL "C:/Users/utp.CRIE/Downloads/PortableGit/Arquitectura-SparkV8/Procesador 6/Sumador.vhd" sub00/vhpl20 1478297273
AR muxpc behavioral "C:/Users/utp.CRIE/Downloads/PortableGit/Arquitectura-SparkV8/Procesador 6/MuxPC.vhd" sub00/vhpl31 1478297288
AR rf behavioral "C:/Users/utp.CRIE/Downloads/PortableGit/Arquitectura-SparkV8/Procesador 6/RF.vhd" sub00/vhpl05 1478297278
EN alu NULL "C:/Users/utp.CRIE/Downloads/PortableGit/Arquitectura-SparkV8/Procesador 6/ALU.vhd" sub00/vhpl12 1478297265
