V3 74
FL "C:/Users/Daniela Gomez/Desktop/Procesador 04/Procesado4/MuxAlu.vhd" 2016/11/02.16:57:26 P.20131013
FL "C:/Users/Daniela Gomez/Desktop/Procesador 04/RF.vhd" 2016/11/02.17:21:00 P.20131013
FL "C:/Users/Daniela Gomez/Desktop/Procesador 04/UC.vhd" 2016/11/02.17:14:40 P.20131013
FL "C:/Users/utp.CRIE/Downloads/PortableGit/Arquitectura-SparkV8/Procesador 6/ALU.vhd" 2016/11/04.16:25:36 P.20131013
EN work/ALU 1478297265 \
      FL "C:/Users/utp.CRIE/Downloads/PortableGit/Arquitectura-SparkV8/Procesador 6/ALU.vhd" \
      PB ieee/std_logic_1164 1381692176 PB ieee/STD_LOGIC_UNSIGNED 1381692179 \
      PB ieee/std_logic_arith 1381692177
AR work/ALU/Behavioral 1478297266 \
      FL "C:/Users/utp.CRIE/Downloads/PortableGit/Arquitectura-SparkV8/Procesador 6/ALU.vhd" \
      EN work/ALU 1478297265
FL "C:/Users/utp.CRIE/Downloads/PortableGit/Arquitectura-SparkV8/Procesador 6/DataMemory.vhd" 2016/11/04.16:25:36 P.20131013
EN work/DataMemory 1478297291 \
      FL "C:/Users/utp.CRIE/Downloads/PortableGit/Arquitectura-SparkV8/Procesador 6/DataMemory.vhd" \
      PB ieee/std_logic_1164 1381692176 PB ieee/STD_LOGIC_UNSIGNED 1381692179
AR work/DataMemory/Behavioral 1478297292 \
      FL "C:/Users/utp.CRIE/Downloads/PortableGit/Arquitectura-SparkV8/Procesador 6/DataMemory.vhd" \
      EN work/DataMemory 1478297291
FL "C:/Users/utp.CRIE/Downloads/PortableGit/Arquitectura-SparkV8/Procesador 6/ExtSign.vhd" 2016/11/04.16:25:36 P.20131013
EN work/ExtSign 1478297267 \
      FL "C:/Users/utp.CRIE/Downloads/PortableGit/Arquitectura-SparkV8/Procesador 6/ExtSign.vhd" \
      PB ieee/std_logic_1164 1381692176
AR work/ExtSign/Behavioral 1478297268 \
      FL "C:/Users/utp.CRIE/Downloads/PortableGit/Arquitectura-SparkV8/Procesador 6/ExtSign.vhd" \
      EN work/ExtSign 1478297267
FL "C:/Users/utp.CRIE/Downloads/PortableGit/Arquitectura-SparkV8/Procesador 6/InstructionMemory.vhd" 2016/11/04.16:25:36 P.20131013
EN work/instructionMemory 1478297275 \
      FL "C:/Users/utp.CRIE/Downloads/PortableGit/Arquitectura-SparkV8/Procesador 6/InstructionMemory.vhd" \
      PB ieee/std_logic_1164 1381692176 PB ieee/STD_LOGIC_UNSIGNED 1381692179 \
      PB std/TEXTIO 1381692176
AR work/instructionMemory/arqInstructionMemory 1478297276 \
      FL "C:/Users/utp.CRIE/Downloads/PortableGit/Arquitectura-SparkV8/Procesador 6/InstructionMemory.vhd" \
      EN work/instructionMemory 1478297275
FL "C:/Users/utp.CRIE/Downloads/PortableGit/Arquitectura-SparkV8/Procesador 6/Multiplexor.vhd" 2016/11/04.16:25:36 P.20131013
EN work/Multiplexor 1478297269 \
      FL "C:/Users/utp.CRIE/Downloads/PortableGit/Arquitectura-SparkV8/Procesador 6/Multiplexor.vhd" \
      PB ieee/std_logic_1164 1381692176
AR work/Multiplexor/Behavioral 1478297270 \
      FL "C:/Users/utp.CRIE/Downloads/PortableGit/Arquitectura-SparkV8/Procesador 6/Multiplexor.vhd" \
      EN work/Multiplexor 1478297269
FL "C:/Users/utp.CRIE/Downloads/PortableGit/Arquitectura-SparkV8/Procesador 6/MuxAlu.vhd" 2016/11/04.16:25:36 P.20131013
EN work/MuxAlu 1478297289 \
      FL "C:/Users/utp.CRIE/Downloads/PortableGit/Arquitectura-SparkV8/Procesador 6/MuxAlu.vhd" \
      PB ieee/std_logic_1164 1381692176
AR work/MuxAlu/Behavioral 1478297290 \
      FL "C:/Users/utp.CRIE/Downloads/PortableGit/Arquitectura-SparkV8/Procesador 6/MuxAlu.vhd" \
      EN work/MuxAlu 1478297289
FL "C:/Users/utp.CRIE/Downloads/PortableGit/Arquitectura-SparkV8/Procesador 6/MuxPC.vhd" 2016/11/04.16:25:36 P.20131013
EN work/MuxPC 1478297287 \
      FL "C:/Users/utp.CRIE/Downloads/PortableGit/Arquitectura-SparkV8/Procesador 6/MuxPC.vhd" \
      PB ieee/std_logic_1164 1381692176
AR work/MuxPC/Behavioral 1478297288 \
      FL "C:/Users/utp.CRIE/Downloads/PortableGit/Arquitectura-SparkV8/Procesador 6/MuxPC.vhd" \
      EN work/MuxPC 1478297287
FL "C:/Users/utp.CRIE/Downloads/PortableGit/Arquitectura-SparkV8/Procesador 6/MuxRF.vhd" 2016/11/04.16:25:36 P.20131013
EN work/MuxRFSource 1478297285 \
      FL "C:/Users/utp.CRIE/Downloads/PortableGit/Arquitectura-SparkV8/Procesador 6/MuxRF.vhd" \
      PB ieee/std_logic_1164 1381692176
AR work/MuxRFSource/Behavioral 1478297286 \
      FL "C:/Users/utp.CRIE/Downloads/PortableGit/Arquitectura-SparkV8/Procesador 6/MuxRF.vhd" \
      EN work/MuxRFSource 1478297285
EN work/Procesador6 0 \
      FL "C:/Users/utp.CRIE/Downloads/PortableGit/Arquitectura-SparkV8/Procesador 6/Procesador2.vhd" \
      PB ieee/std_logic_1164 1381692176 PB ieee/STD_LOGIC_UNSIGNED 1381692179
AR work/Procesador6/Behavioral 0 \
      FL "C:/Users/utp.CRIE/Downloads/PortableGit/Arquitectura-SparkV8/Procesador 6/Procesador2.vhd" \
      EN work/Procesador6 0 CP Win_man CP PSR CP PSRModifier CP ALU CP ExtSign \
      CP Multiplexor CP ProgramCounter CP Sumador CP instructionMemory CP RF CP UC \
      CP SEU22 CP SEU30 CP MuxRFSource CP MuxPC CP MuxAlu CP DataMemory
FL "C:/Users/utp.CRIE/Downloads/PortableGit/Arquitectura-SparkV8/Procesador 6/ProgramCounter.vhd" 2016/11/04.16:25:36 P.20131013
EN work/ProgramCounter 1478297271 \
      FL "C:/Users/utp.CRIE/Downloads/PortableGit/Arquitectura-SparkV8/Procesador 6/ProgramCounter.vhd" \
      PB ieee/std_logic_1164 1381692176
AR work/ProgramCounter/Behavioral 1478297272 \
      FL "C:/Users/utp.CRIE/Downloads/PortableGit/Arquitectura-SparkV8/Procesador 6/ProgramCounter.vhd" \
      EN work/ProgramCounter 1478297271
FL "C:/Users/utp.CRIE/Downloads/PortableGit/Arquitectura-SparkV8/Procesador 6/PSR.vhd" 2016/11/04.16:25:36 P.20131013
EN work/PSR 1478297261 \
      FL "C:/Users/utp.CRIE/Downloads/PortableGit/Arquitectura-SparkV8/Procesador 6/PSR.vhd" \
      PB ieee/std_logic_1164 1381692176
AR work/PSR/Behavioral 1478297262 \
      FL "C:/Users/utp.CRIE/Downloads/PortableGit/Arquitectura-SparkV8/Procesador 6/PSR.vhd" \
      EN work/PSR 1478297261
FL "C:/Users/utp.CRIE/Downloads/PortableGit/Arquitectura-SparkV8/Procesador 6/PSRModifier.vhd" 2016/11/04.16:25:36 P.20131013
EN work/PSRModifier 1478297263 \
      FL "C:/Users/utp.CRIE/Downloads/PortableGit/Arquitectura-SparkV8/Procesador 6/PSRModifier.vhd" \
      PB ieee/std_logic_1164 1381692176
AR work/PSRModifier/Behavioral 1478297264 \
      FL "C:/Users/utp.CRIE/Downloads/PortableGit/Arquitectura-SparkV8/Procesador 6/PSRModifier.vhd" \
      EN work/PSRModifier 1478297263
FL "C:/Users/utp.CRIE/Downloads/PortableGit/Arquitectura-SparkV8/Procesador 6/RF.vhd" 2016/11/04.16:25:36 P.20131013
EN work/RF 1478297277 \
      FL "C:/Users/utp.CRIE/Downloads/PortableGit/Arquitectura-SparkV8/Procesador 6/RF.vhd" \
      PB ieee/std_logic_1164 1381692176 PB ieee/STD_LOGIC_UNSIGNED 1381692179 \
      PB ieee/std_logic_arith 1381692177
AR work/RF/Behavioral 1478297278 \
      FL "C:/Users/utp.CRIE/Downloads/PortableGit/Arquitectura-SparkV8/Procesador 6/RF.vhd" \
      EN work/RF 1478297277
FL "C:/Users/utp.CRIE/Downloads/PortableGit/Arquitectura-SparkV8/Procesador 6/SEU13.vhd" 2016/11/04.16:25:36 P.20131013
EN work/SEU22 1478297281 \
      FL "C:/Users/utp.CRIE/Downloads/PortableGit/Arquitectura-SparkV8/Procesador 6/SEU13.vhd" \
      PB ieee/std_logic_1164 1381692176
AR work/SEU22/Behavioral 1478297282 \
      FL "C:/Users/utp.CRIE/Downloads/PortableGit/Arquitectura-SparkV8/Procesador 6/SEU13.vhd" \
      EN work/SEU22 1478297281
FL "C:/Users/utp.CRIE/Downloads/PortableGit/Arquitectura-SparkV8/Procesador 6/SEU30.vhd" 2016/11/04.16:25:36 P.20131013
EN work/SEU30 1478297283 \
      FL "C:/Users/utp.CRIE/Downloads/PortableGit/Arquitectura-SparkV8/Procesador 6/SEU30.vhd" \
      PB ieee/std_logic_1164 1381692176
AR work/SEU30/Behavioral 1478297284 \
      FL "C:/Users/utp.CRIE/Downloads/PortableGit/Arquitectura-SparkV8/Procesador 6/SEU30.vhd" \
      EN work/SEU30 1478297283
FL "C:/Users/utp.CRIE/Downloads/PortableGit/Arquitectura-SparkV8/Procesador 6/Sumador.vhd" 2016/11/04.16:25:36 P.20131013
EN work/Sumador 1478297273 \
      FL "C:/Users/utp.CRIE/Downloads/PortableGit/Arquitectura-SparkV8/Procesador 6/Sumador.vhd" \
      PB ieee/std_logic_1164 1381692176 PB ieee/STD_LOGIC_UNSIGNED 1381692179 \
      PB ieee/std_logic_arith 1381692177
AR work/Sumador/Behavioral 1478297274 \
      FL "C:/Users/utp.CRIE/Downloads/PortableGit/Arquitectura-SparkV8/Procesador 6/Sumador.vhd" \
      EN work/Sumador 1478297273
FL "C:/Users/utp.CRIE/Downloads/PortableGit/Arquitectura-SparkV8/Procesador 6/UC.vhd" 2016/11/04.16:25:36 P.20131013
EN work/UC 1478297279 \
      FL "C:/Users/utp.CRIE/Downloads/PortableGit/Arquitectura-SparkV8/Procesador 6/UC.vhd" \
      PB ieee/std_logic_1164 1381692176
AR work/UC/Behavioral 1478297280 \
      FL "C:/Users/utp.CRIE/Downloads/PortableGit/Arquitectura-SparkV8/Procesador 6/UC.vhd" \
      EN work/UC 1478297279
FL "C:/Users/utp.CRIE/Downloads/PortableGit/Arquitectura-SparkV8/Procesador 6/Win_man.vhd" 2016/11/04.16:25:36 P.20131013
EN work/Win_man 1478297259 \
      FL "C:/Users/utp.CRIE/Downloads/PortableGit/Arquitectura-SparkV8/Procesador 6/Win_man.vhd" \
      PB ieee/std_logic_1164 1381692176 PB ieee/std_logic_arith 1381692177 \
      PB ieee/STD_LOGIC_UNSIGNED 1381692179
AR work/Win_man/Behavioral 1478297260 \
      FL "C:/Users/utp.CRIE/Downloads/PortableGit/Arquitectura-SparkV8/Procesador 6/Win_man.vhd" \
      EN work/Win_man 1478297259
